BL51 BANKED LINKER/LOCATER V6.22.2.0                                                    08/28/2020  14:46:55  PAGE 1


BL51 BANKED LINKER/LOCATER V6.22.2.0, INVOKED BY:
C:\KEIL_V5\C51\BIN\BL51.EXE .\Objects\TEST.obj TO .\Objects\TEST PRINT (.\Listings\TEST.m51) RAMSIZE (256)


INPUT MODULES INCLUDED:
  .\Objects\TEST.obj (TEST)


LINK MAP OF MODULE:  .\Objects\TEST (TEST)


            TYPE    BASE      LENGTH    RELOCATION   SEGMENT NAME
            -----------------------------------------------------

            * * * * * * *   D A T A   M E M O R Y   * * * * * * *
            REG     0000H     0008H     ABSOLUTE     "REG BANK 0"

            * * * * * * *   C O D E   M E M O R Y   * * * * * * *
            CODE    0000H     0011H     ABSOLUTE     



SYMBOL TABLE OF MODULE:  .\Objects\TEST (TEST)

  VALUE           TYPE          NAME
  ----------------------------------

  -------         MODULE        TEST
  C:0010H         SYMBOL        OVER
  C:000BH         SYMBOL        XYZ
  C:0000H         LINE#         2
  C:0002H         LINE#         3
  C:0004H         LINE#         4
  C:0006H         LINE#         5
  C:0008H         LINE#         6
  C:000AH         LINE#         7
  C:000BH         LINE#         8
  C:000DH         LINE#         9
  C:000FH         LINE#         10
  C:0010H         LINE#         11
  -------         ENDMOD        TEST

******************************************************************************
* RESTRICTED VERSION WITH 0800H BYTE CODE SIZE LIMIT; USED: 0011H BYTE ( 0%) *
******************************************************************************

Program Size: data=8.0 xdata=0 code=17
LINK/LOCATE RUN COMPLETE.  0 WARNING(S),  0 ERROR(S)
