C51 COMPILER V9.60.0.0   BUTTON_MATRIX                                                     10/29/2020 15:22:13 PAGE 1   


C51 COMPILER V9.60.0.0, COMPILATION OF MODULE BUTTON_MATRIX
OBJECT MODULE PLACED IN .\Objects\button_matrix.obj
COMPILER INVOKED BY: C:\Keil_v5\C51\BIN\C51.EXE button_matrix.c OPTIMIZE(8,SPEED) BROWSE DEBUG OBJECTEXTEND PRINT(.\List
                    -ings\button_matrix.lst) TABS(2) OBJECT(.\Objects\button_matrix.obj)

line level    source

   1          #include<reg51.h>
   2          
   3          #define switches P0
   4          
   5          void delay(unsigned int a);
   6          
   7          int a;
   8          
   9          
  10          void main(){
  11   1        
  12   1        P3=0;
  13   1        P0=0Xff;
  14   1        
  15   1        while(1){
  16   2          main:switches=0X0F;
  17   2        
  18   2          if(switches==0X0F){
  19   3            goto main;
  20   3          }
  21   2          
  22   2          switches=0XEF;
  23   2              a=switches;
  24   2      
  25   2          if(a!=0XEF){
  26   3            if(a==0XE7){
  27   4              P3=1;
  28   4            }
  29   3            
  30   3            if(a==0XEB){
  31   4              P3=2;
  32   4            }
  33   3            
  34   3            if(a==0XED){
  35   4              P3=3;
  36   4            }
  37   3            
  38   3            if(a==0XEE){
  39   4              P3=4;
  40   4            }
  41   3            
  42   3          }
  43   2          
  44   2          switches=0XDF;
  45   2              a=switches;
  46   2      
  47   2          if(a!=0XDF){
  48   3            if(a==0XD7){
  49   4              P3=5;
  50   4            }
  51   3            
  52   3            if(a==0XDB){
  53   4              P3=6;
  54   4            }
C51 COMPILER V9.60.0.0   BUTTON_MATRIX                                                     10/29/2020 15:22:13 PAGE 2   

  55   3            
  56   3            if(a==0XDD){
  57   4              P3=7;
  58   4            }
  59   3            
  60   3            if(a==0XDE){
  61   4              P3=8;
  62   4            }
  63   3          }
  64   2          
  65   2          switches=0XBF;
  66   2              a=switches;
  67   2      
  68   2          if(a!=0XBF){
  69   3            if(a==0XB7){
  70   4              P3=9;
  71   4            }
  72   3            
  73   3            if(a==0XBB){
  74   4              P3=10;
  75   4            }
  76   3            
  77   3            if(a==0XBD){
  78   4              P3=11;
  79   4            }
  80   3            
  81   3            if(a==0XBE){
  82   4              P3=12;
  83   4            }
  84   3          }
  85   2          
  86   2          switches=0X7F;
  87   2          a=switches;
  88   2          
  89   2          if(a!=0X7F){
  90   3            if(a==0X77){
  91   4              P3=13;
  92   4            }
  93   3            
  94   3            if(a==0X7B){
  95   4              P3=14;
  96   4            }
  97   3            
  98   3            if(a==0X7D){
  99   4              P3=15;
 100   4            }
 101   3            
 102   3            if(a==0X7E){
 103   4              P3=16;
 104   4            }
 105   3          }
 106   2          
 107   2        }
 108   1      }


MODULE INFORMATION:   STATIC OVERLAYABLE
   CODE SIZE        =    273    ----
   CONSTANT SIZE    =   ----    ----
   XDATA SIZE       =   ----    ----
   PDATA SIZE       =   ----    ----
   DATA SIZE        =      2    ----
C51 COMPILER V9.60.0.0   BUTTON_MATRIX                                                     10/29/2020 15:22:13 PAGE 3   

   IDATA SIZE       =   ----    ----
   BIT SIZE         =   ----    ----
END OF MODULE INFORMATION.


C51 COMPILATION COMPLETE.  0 WARNING(S),  0 ERROR(S)
