A51 MACRO ASSEMBLER  DELAY                                                                08/28/2020 15:38:33 PAGE     1


MACRO ASSEMBLER A51 V8.2.7.0
OBJECT MODULE PLACED IN .\Objects\DELAY.obj
ASSEMBLER INVOKED BY: C:\Keil_v5\C51\BIN\A51.EXE DELAY.ASM SET(SMALL) DEBUG PRINT(.\Listings\DELAY.lst) OBJECT(.\Objects
                      \DELAY.obj) EP

LOC  OBJ            LINE     SOURCE

0000                   1     ORG 0H;
0000 7401              2     BACK:   MOV A,#1H;
0002 F580              3                     MOV P0,A;
0004 120300            4                     LCALL DELAY;
0007 7402              5                     MOV A,#2H;
0009 F580              6                     MOV P0,A;
000B 120300            7                     LCALL DELAY;
                       8                     
000E 7404              9                     MOV A,#4H;
0010 F580             10                     MOV P0,A;
0012 120300           11                     LCALL DELAY;
0015 7408             12                     MOV A,#8H;
0017 F580             13                     MOV P0,A;
0019 120300           14                     LCALL DELAY;
                      15                     
001C 7410             16                     MOV A,#10H;
001E F580             17                     MOV P0,A;
0020 120300           18                     LCALL DELAY;
0023 7420             19                     MOV A,#20H;
0025 F580             20                     MOV P0,A;
0027 120300           21                     LCALL DELAY;
                      22                     
002A 7440             23                     MOV A,#40H;
002C F580             24                     MOV P0,A;
002E 120300           25                     LCALL DELAY;
0031 7480             26                     MOV A,#80H;
0033 F580             27                     MOV P0,A;
0035 120300           28                     LCALL DELAY;
                      29                     
0038 80C6             30                     SJMP BACK;
                      31     
                      32     
                      33     ;END;
                      34     
0300                  35     ORG 300H;
0300 78FF             36     DELAY:  MOV R0,#0FFH;
0302 79FF             37     REP:    MOV R1,#0FFH;
0304 D9FE             38     AGAIN:  DJNZ R1,AGAIN;
0306 D8FA             39                 DJNZ R0,REP;
0308 22               40     RET;
                      41     END;
A51 MACRO ASSEMBLER  DELAY                                                                08/28/2020 15:38:33 PAGE     2

SYMBOL TABLE LISTING
------ ----- -------


N A M E             T Y P E  V A L U E   ATTRIBUTES

AGAIN. . . . . . .  C ADDR   0304H   A   
BACK . . . . . . .  C ADDR   0000H   A   
DELAY. . . . . . .  C ADDR   0300H   A   
P0 . . . . . . . .  D ADDR   0080H   A   
REP. . . . . . . .  C ADDR   0302H   A   


REGISTER BANK(S) USED: 0 


ASSEMBLY COMPLETE.  0 WARNING(S), 0 ERROR(S)
